[36mvite v5.4.21 [32mbuilding for production...[36m[39m
transforming...
[32mΓ£ô[39m 1022 modules transformed.
x Build failed in 2.90s
error during build:
src/components/AiInsightsPanel.jsx (1:37): "RiTrendingUpLine" is not exported by "node_modules/react-icons/ri/index.mjs", imported by "src/components/AiInsightsPanel.jsx".
file: C:/Users/LENOVO/.gemini/antigravity/scratch/neurotrade/frontend/src/components/AiInsightsPanel.jsx:1:37

1: import { RiRobot2Line, RiShieldLine, RiTrendingUpLine, RiAlertLine, RiCheckboxCircleLine } from 'react-icons/ri';
                                        ^
2: 
3: const sentimentConfig = {

    at getRollupError (file:///C:/Users/LENOVO/.gemini/antigravity/scratch/neurotrade/frontend/node_modules/rollup/dist/es/shared/parseAst.js:402:41)
    at error (file:///C:/Users/LENOVO/.gemini/antigravity/scratch/neurotrade/frontend/node_modules/rollup/dist/es/shared/parseAst.js:398:42)
    at Module.error (file:///C:/Users/LENOVO/.gemini/antigravity/scratch/neurotrade/frontend/node_modules/rollup/dist/es/shared/node-entry.js:17040:16)
    at Module.traceVariable (file:///C:/Users/LENOVO/.gemini/antigravity/scratch/neurotrade/frontend/node_modules/rollup/dist/es/shared/node-entry.js:17452:29)
    at ModuleScope.findVariable (file:///C:/Users/LENOVO/.gemini/antigravity/scratch/neurotrade/frontend/node_modules/rollup/dist/es/shared/node-entry.js:15070:39)
    at FunctionScope.findVariable (file:///C:/Users/LENOVO/.gemini/antigravity/scratch/neurotrade/frontend/node_modules/rollup/dist/es/shared/node-entry.js:5673:38)
    at FunctionBodyScope.findVariable (file:///C:/Users/LENOVO/.gemini/antigravity/scratch/neurotrade/frontend/node_modules/rollup/dist/es/shared/node-entry.js:5673:38)
    at Identifier.bind (file:///C:/Users/LENOVO/.gemini/antigravity/scratch/neurotrade/frontend/node_modules/rollup/dist/es/shared/node-entry.js:5447:40)
    at CallExpression.bind (file:///C:/Users/LENOVO/.gemini/antigravity/scratch/neurotrade/frontend/node_modules/rollup/dist/es/shared/node-entry.js:2825:28)
    at CallExpression.bind (file:///C:/Users/LENOVO/.gemini/antigravity/scratch/neurotrade/frontend/node_modules/rollup/dist/es/shared/node-entry.js:12179:15)
